// Jest Snapshot v1, https://goo.gl/fbAQLP

exports[`Column component renders properly 1`] = `ShallowWrapper {}`;
