// Jest Snapshot v1, https://goo.gl/fbAQLP

exports[`BukkaMeals component renders properly 1`] = `ReactWrapper {}`;
