// Jest Snapshot v1, https://goo.gl/fbAQLP

exports[`BukkaDetailsSection Component renders properly 1`] = `ReactWrapper {}`;
