// Jest Snapshot v1, https://goo.gl/fbAQLP

exports[`BukkaImageSection Component renders properly 1`] = `
ReactWrapper {
  Symbol(enzyme.__unrendered__): <BukkaImage
    imageUrl="http://some-img-url"
  />,
  Symbol(enzyme.__renderer__): Object {
    "batchedUpdates": [Function],
    "getNode": [Function],
    "render": [Function],
    "simulateError": [Function],
    "simulateEvent": [Function],
    "unmount": [Function],
  },
  Symbol(enzyme.__root__): [Circular],
  Symbol(enzyme.__node__): Object {
    "instance": null,
    "key": undefined,
    "nodeType": "function",
    "props": Object {
      "imageUrl": "http://some-img-url",
    },
    "ref": null,
    "rendered": Object {
      "instance": <div
        class="bukka-image-section"
        style="background-image: url(http://some-img-url);"
      />,
      "key": undefined,
      "nodeType": "host",
      "props": Object {
        "className": "bukka-image-section",
        "style": Object {
          "backgroundImage": "url(http://some-img-url)",
        },
      },
      "ref": null,
      "rendered": Array [
        undefined,
      ],
      "type": "div",
    },
    "type": [Function],
  },
  Symbol(enzyme.__nodes__): Array [
    Object {
      "instance": null,
      "key": undefined,
      "nodeType": "function",
      "props": Object {
        "imageUrl": "http://some-img-url",
      },
      "ref": null,
      "rendered": Object {
        "instance": <div
          class="bukka-image-section"
          style="background-image: url(http://some-img-url);"
        />,
        "key": undefined,
        "nodeType": "host",
        "props": Object {
          "className": "bukka-image-section",
          "style": Object {
            "backgroundImage": "url(http://some-img-url)",
          },
        },
        "ref": null,
        "rendered": Array [
          undefined,
        ],
        "type": "div",
      },
      "type": [Function],
    },
  ],
  Symbol(enzyme.__options__): Object {
    "adapter": ReactSixteenAdapter {
      "options": Object {
        "enableComponentDidUpdateOnSetState": true,
        "legacyContextMode": "parent",
        "lifecycles": Object {
          "componentDidUpdate": Object {
            "onSetState": true,
          },
          "getChildContext": Object {
            "calledByRenderer": false,
          },
          "getDerivedStateFromProps": true,
          "getSnapshotBeforeUpdate": true,
          "setState": Object {
            "skipsComponentDidUpdateOnNullish": true,
          },
        },
      },
    },
  },
}
`;
