// Jest Snapshot v1, https://goo.gl/fbAQLP

exports[`Order Options Component renders properly 1`] = `ReactWrapper {}`;
