// Jest Snapshot v1, https://goo.gl/fbAQLP

exports[`Special Instructions Component renders properly 1`] = `ReactWrapper {}`;
