// Jest Snapshot v1, https://goo.gl/fbAQLP

exports[`Card component should renders properly 1`] = `
<div>
  <div
    aria-pressed="true"
    class="d-block d-md-block d-xl-none d-lg-none bg-white py-3 mb-3
 cursor-pointer"
    role="button"
    tabindex="0"
  >
    <div
      class="container px-0 d-flex-column column mb-2 justify-content-center"
    >
      <div
        class="col-md-11 mx-auto "
      >
        <div
          class="row justify-content-between text-uppercase"
        >
          <h5
            class="font-size-14"
          >
            #
            03d77
          </h5>
          <h5
            class="font-size-14 suggested-item-price"
          >
            27/3/2019 12:43 pm
          </h5>
        </div>
      </div>
      <hr
        class="border-line border-box col-12"
      />
      <div
        class="col-md-11 mx-auto pt-1 pb-1"
      >
        <div
          class="row justify-content-between"
        >
          <h5
            class="text-uppercase font-size-14"
          >
            2
            X  
            salad and bbq
             ...
          </h5>
        </div>
      </div>
      <div
        class="col-md-11 mx-auto "
      >
        <div
          class="row justify-content-between text-capitalize"
        >
          <h5
            class="font-size-14"
          >
            Status: 
            <span
              class="text-warning"
            >
               
              pending
            </span>
          </h5>
          <h5
            class="text-color font-size-14"
          >
             â‚¦
            3000
            .00
          </h5>
        </div>
      </div>
    </div>
  </div>
</div>
`;
