// Jest Snapshot v1, https://goo.gl/fbAQLP

exports[`DropOff component renders properly 1`] = `ReactWrapper {}`;
