// Jest Snapshot v1, https://goo.gl/fbAQLP

exports[`Card Footer component renders properly 1`] = `ReactWrapper {}`;
