// Jest Snapshot v1, https://goo.gl/fbAQLP

exports[`PickUp component renders properly 1`] = `ReactWrapper {}`;
