// Jest Snapshot v1, https://goo.gl/fbAQLP

exports[`Price component renders properly 1`] = `ReactWrapper {}`;
