// Jest Snapshot v1, https://goo.gl/fbAQLP

exports[`TableBody component renders properly 1`] = `ReactWrapper {}`;
