// Jest Snapshot v1, https://goo.gl/fbAQLP

exports[`Timeline component renders properly 1`] = `ReactWrapper {}`;
