// Jest Snapshot v1, https://goo.gl/fbAQLP

exports[`Account Details components renders properly 1`] = `ReactWrapper {}`;
