// Jest Snapshot v1, https://goo.gl/fbAQLP

exports[`AddMoreSection component renders properly 1`] = `ReactWrapper {}`;
