// Jest Snapshot v1, https://goo.gl/fbAQLP

exports[`InputAccountDetails component renders properly 1`] = `
ReactWrapper {
  Symbol(enzyme.__unrendered__): <InputAccountDetails
    defaultValue="Value"
    name="firstName"
    placeHolder="First Name"
    type="firstName"
  >
    <p>
      child
    </p>
  </InputAccountDetails>,
  Symbol(enzyme.__renderer__): Object {
    "batchedUpdates": [Function],
    "getNode": [Function],
    "render": [Function],
    "simulateError": [Function],
    "simulateEvent": [Function],
    "unmount": [Function],
  },
  Symbol(enzyme.__root__): [Circular],
  Symbol(enzyme.__node__): Object {
    "instance": null,
    "key": undefined,
    "nodeType": "function",
    "props": Object {
      "children": <p>
        child
      </p>,
      "defaultValue": "Value",
      "name": "firstName",
      "placeHolder": "First Name",
      "type": "firstName",
    },
    "ref": null,
    "rendered": Object {
      "instance": <div
        class="input-acc-details-section"
      >
        <form
          class="form-acc-details"
        >
          <div
            class="form-group input-acc-details"
          >
            <p>
              child
            </p>
          </div>
          <div
            class="edit-toggler-button"
          >
            <button
              class="edit-save-toggler d-flex justify-content-end"
              data-target=""
              data-testid="button"
              data-toggle=""
              id="PNnYoMYuX"
              type="button"
            >
              EDIT
            </button>
          </div>
        </form>
      </div>,
      "key": undefined,
      "nodeType": "host",
      "props": Object {
        "children": <form
          className="form-acc-details"
        >
          <div
            className="form-group input-acc-details"
          >
            <p>
              child
            </p>
          </div>
          <EditTogglerButton
            text="EDIT"
          />
        </form>,
        "className": "input-acc-details-section",
      },
      "ref": null,
      "rendered": Array [
        Object {
          "instance": <form
            class="form-acc-details"
          >
            <div
              class="form-group input-acc-details"
            >
              <p>
                child
              </p>
            </div>
            <div
              class="edit-toggler-button"
            >
              <button
                class="edit-save-toggler d-flex justify-content-end"
                data-target=""
                data-testid="button"
                data-toggle=""
                id="PNnYoMYuX"
                type="button"
              >
                EDIT
              </button>
            </div>
          </form>,
          "key": undefined,
          "nodeType": "host",
          "props": Object {
            "children": Array [
              <div
                className="form-group input-acc-details"
              >
                <p>
                  child
                </p>
              </div>,
              <EditTogglerButton
                text="EDIT"
              />,
            ],
            "className": "form-acc-details",
          },
          "ref": null,
          "rendered": Array [
            Object {
              "instance": <div
                class="form-group input-acc-details"
              >
                <p>
                  child
                </p>
              </div>,
              "key": undefined,
              "nodeType": "host",
              "props": Object {
                "children": <p>
                  child
                </p>,
                "className": "form-group input-acc-details",
              },
              "ref": null,
              "rendered": Array [
                Object {
                  "instance": <p>
                    child
                  </p>,
                  "key": undefined,
                  "nodeType": "host",
                  "props": Object {
                    "children": "child",
                  },
                  "ref": null,
                  "rendered": Array [
                    "child",
                  ],
                  "type": "p",
                },
              ],
              "type": "div",
            },
            Object {
              "instance": null,
              "key": undefined,
              "nodeType": "function",
              "props": Object {
                "text": "EDIT",
              },
              "ref": null,
              "rendered": Object {
                "instance": <div
                  class="edit-toggler-button"
                >
                  <button
                    class="edit-save-toggler d-flex justify-content-end"
                    data-target=""
                    data-testid="button"
                    data-toggle=""
                    id="PNnYoMYuX"
                    type="button"
                  >
                    EDIT
                  </button>
                </div>,
                "key": undefined,
                "nodeType": "host",
                "props": Object {
                  "children": <Button
                    classNames="edit-save-toggler d-flex justify-content-end"
                    dataTarget=""
                    dataToggle=""
                    disabled={false}
                    handleClick={[Function]}
                    id="PNnYoMYuX"
                    text="EDIT"
                    type="button"
                  >
                    <div />
                  </Button>,
                  "className": "edit-toggler-button",
                },
                "ref": null,
                "rendered": Array [
                  Object {
                    "instance": null,
                    "key": undefined,
                    "nodeType": "function",
                    "props": Object {
                      "children": <div />,
                      "classNames": "edit-save-toggler d-flex justify-content-end",
                      "dataTarget": "",
                      "dataToggle": "",
                      "disabled": false,
                      "handleClick": [Function],
                      "id": "PNnYoMYuX",
                      "text": "EDIT",
                      "type": "button",
                    },
                    "ref": null,
                    "rendered": Object {
                      "instance": <button
                        class="edit-save-toggler d-flex justify-content-end"
                        data-target=""
                        data-testid="button"
                        data-toggle=""
                        id="PNnYoMYuX"
                        type="button"
                      >
                        EDIT
                      </button>,
                      "key": undefined,
                      "nodeType": "host",
                      "props": Object {
                        "children": "EDIT",
                        "className": "edit-save-toggler d-flex justify-content-end",
                        "data-target": "",
                        "data-testid": "button",
                        "data-toggle": "",
                        "disabled": false,
                        "id": "PNnYoMYuX",
                        "onClick": [Function],
                        "type": "button",
                      },
                      "ref": null,
                      "rendered": Array [
                        "EDIT",
                      ],
                      "type": "button",
                    },
                    "type": [Function],
                  },
                ],
                "type": "div",
              },
              "type": [Function],
            },
          ],
          "type": "form",
        },
      ],
      "type": "div",
    },
    "type": [Function],
  },
  Symbol(enzyme.__nodes__): Array [
    Object {
      "instance": null,
      "key": undefined,
      "nodeType": "function",
      "props": Object {
        "children": <p>
          child
        </p>,
        "defaultValue": "Value",
        "name": "firstName",
        "placeHolder": "First Name",
        "type": "firstName",
      },
      "ref": null,
      "rendered": Object {
        "instance": <div
          class="input-acc-details-section"
        >
          <form
            class="form-acc-details"
          >
            <div
              class="form-group input-acc-details"
            >
              <p>
                child
              </p>
            </div>
            <div
              class="edit-toggler-button"
            >
              <button
                class="edit-save-toggler d-flex justify-content-end"
                data-target=""
                data-testid="button"
                data-toggle=""
                id="PNnYoMYuX"
                type="button"
              >
                EDIT
              </button>
            </div>
          </form>
        </div>,
        "key": undefined,
        "nodeType": "host",
        "props": Object {
          "children": <form
            className="form-acc-details"
          >
            <div
              className="form-group input-acc-details"
            >
              <p>
                child
              </p>
            </div>
            <EditTogglerButton
              text="EDIT"
            />
          </form>,
          "className": "input-acc-details-section",
        },
        "ref": null,
        "rendered": Array [
          Object {
            "instance": <form
              class="form-acc-details"
            >
              <div
                class="form-group input-acc-details"
              >
                <p>
                  child
                </p>
              </div>
              <div
                class="edit-toggler-button"
              >
                <button
                  class="edit-save-toggler d-flex justify-content-end"
                  data-target=""
                  data-testid="button"
                  data-toggle=""
                  id="PNnYoMYuX"
                  type="button"
                >
                  EDIT
                </button>
              </div>
            </form>,
            "key": undefined,
            "nodeType": "host",
            "props": Object {
              "children": Array [
                <div
                  className="form-group input-acc-details"
                >
                  <p>
                    child
                  </p>
                </div>,
                <EditTogglerButton
                  text="EDIT"
                />,
              ],
              "className": "form-acc-details",
            },
            "ref": null,
            "rendered": Array [
              Object {
                "instance": <div
                  class="form-group input-acc-details"
                >
                  <p>
                    child
                  </p>
                </div>,
                "key": undefined,
                "nodeType": "host",
                "props": Object {
                  "children": <p>
                    child
                  </p>,
                  "className": "form-group input-acc-details",
                },
                "ref": null,
                "rendered": Array [
                  Object {
                    "instance": <p>
                      child
                    </p>,
                    "key": undefined,
                    "nodeType": "host",
                    "props": Object {
                      "children": "child",
                    },
                    "ref": null,
                    "rendered": Array [
                      "child",
                    ],
                    "type": "p",
                  },
                ],
                "type": "div",
              },
              Object {
                "instance": null,
                "key": undefined,
                "nodeType": "function",
                "props": Object {
                  "text": "EDIT",
                },
                "ref": null,
                "rendered": Object {
                  "instance": <div
                    class="edit-toggler-button"
                  >
                    <button
                      class="edit-save-toggler d-flex justify-content-end"
                      data-target=""
                      data-testid="button"
                      data-toggle=""
                      id="PNnYoMYuX"
                      type="button"
                    >
                      EDIT
                    </button>
                  </div>,
                  "key": undefined,
                  "nodeType": "host",
                  "props": Object {
                    "children": <Button
                      classNames="edit-save-toggler d-flex justify-content-end"
                      dataTarget=""
                      dataToggle=""
                      disabled={false}
                      handleClick={[Function]}
                      id="PNnYoMYuX"
                      text="EDIT"
                      type="button"
                    >
                      <div />
                    </Button>,
                    "className": "edit-toggler-button",
                  },
                  "ref": null,
                  "rendered": Array [
                    Object {
                      "instance": null,
                      "key": undefined,
                      "nodeType": "function",
                      "props": Object {
                        "children": <div />,
                        "classNames": "edit-save-toggler d-flex justify-content-end",
                        "dataTarget": "",
                        "dataToggle": "",
                        "disabled": false,
                        "handleClick": [Function],
                        "id": "PNnYoMYuX",
                        "text": "EDIT",
                        "type": "button",
                      },
                      "ref": null,
                      "rendered": Object {
                        "instance": <button
                          class="edit-save-toggler d-flex justify-content-end"
                          data-target=""
                          data-testid="button"
                          data-toggle=""
                          id="PNnYoMYuX"
                          type="button"
                        >
                          EDIT
                        </button>,
                        "key": undefined,
                        "nodeType": "host",
                        "props": Object {
                          "children": "EDIT",
                          "className": "edit-save-toggler d-flex justify-content-end",
                          "data-target": "",
                          "data-testid": "button",
                          "data-toggle": "",
                          "disabled": false,
                          "id": "PNnYoMYuX",
                          "onClick": [Function],
                          "type": "button",
                        },
                        "ref": null,
                        "rendered": Array [
                          "EDIT",
                        ],
                        "type": "button",
                      },
                      "type": [Function],
                    },
                  ],
                  "type": "div",
                },
                "type": [Function],
              },
            ],
            "type": "form",
          },
        ],
        "type": "div",
      },
      "type": [Function],
    },
  ],
  Symbol(enzyme.__options__): Object {
    "adapter": ReactSixteenAdapter {
      "options": Object {
        "enableComponentDidUpdateOnSetState": true,
        "legacyContextMode": "parent",
        "lifecycles": Object {
          "componentDidUpdate": Object {
            "onSetState": true,
          },
          "getChildContext": Object {
            "calledByRenderer": false,
          },
          "getDerivedStateFromProps": true,
          "getSnapshotBeforeUpdate": true,
          "setState": Object {
            "skipsComponentDidUpdateOnNullish": true,
          },
        },
      },
    },
  },
}
`;
