// Jest Snapshot v1, https://goo.gl/fbAQLP

exports[`PaymentSection Component renders properly 1`] = `ReactWrapper {}`;
