// Jest Snapshot v1, https://goo.gl/fbAQLP

exports[`Profile Scene component renders properly 1`] = `ReactWrapper {}`;
