// Jest Snapshot v1, https://goo.gl/fbAQLP

exports[`Profileheader component renders properly 1`] = `
ReactWrapper {
  Symbol(enzyme.__unrendered__): <ProfileHeader
    firstName="FirtName"
    lastName="lastName"
  />,
  Symbol(enzyme.__renderer__): Object {
    "batchedUpdates": [Function],
    "getNode": [Function],
    "render": [Function],
    "simulateError": [Function],
    "simulateEvent": [Function],
    "unmount": [Function],
  },
  Symbol(enzyme.__root__): [Circular],
  Symbol(enzyme.__node__): Object {
    "instance": null,
    "key": undefined,
    "nodeType": "function",
    "props": Object {
      "firstName": "FirtName",
      "lastName": "lastName",
    },
    "ref": null,
    "rendered": Object {
      "instance": <div
        class="profile-header-section d-none d-lg-block"
      >
        <div
          class="container profile-header"
        >
          <h1
            class="profile-header-title"
          >
            FirtName
             
            lastName
          </h1>
        </div>
      </div>,
      "key": undefined,
      "nodeType": "host",
      "props": Object {
        "children": <ProfileHeaderTitle
          firstName="FirtName"
          lastName="lastName"
        />,
        "className": "profile-header-section d-none d-lg-block",
      },
      "ref": null,
      "rendered": Array [
        Object {
          "instance": null,
          "key": undefined,
          "nodeType": "function",
          "props": Object {
            "firstName": "FirtName",
            "lastName": "lastName",
          },
          "ref": null,
          "rendered": Object {
            "instance": null,
            "key": undefined,
            "nodeType": "function",
            "props": Object {
              "children": <h1
                className="profile-header-title"
              >
                FirtName
                 
                lastName
              </h1>,
              "classNames": "profile-header",
            },
            "ref": null,
            "rendered": Object {
              "instance": <div
                class="container profile-header"
              >
                <h1
                  class="profile-header-title"
                >
                  FirtName
                   
                  lastName
                </h1>
              </div>,
              "key": undefined,
              "nodeType": "host",
              "props": Object {
                "children": <h1
                  className="profile-header-title"
                >
                  FirtName
                   
                  lastName
                </h1>,
                "className": "container profile-header",
              },
              "ref": null,
              "rendered": Array [
                Object {
                  "instance": <h1
                    class="profile-header-title"
                  >
                    FirtName
                     
                    lastName
                  </h1>,
                  "key": undefined,
                  "nodeType": "host",
                  "props": Object {
                    "children": Array [
                      "FirtName",
                      " ",
                      "lastName",
                    ],
                    "className": "profile-header-title",
                  },
                  "ref": null,
                  "rendered": Array [
                    "FirtName",
                    " ",
                    "lastName",
                  ],
                  "type": "h1",
                },
              ],
              "type": "div",
            },
            "type": [Function],
          },
          "type": [Function],
        },
      ],
      "type": "div",
    },
    "type": [Function],
  },
  Symbol(enzyme.__nodes__): Array [
    Object {
      "instance": null,
      "key": undefined,
      "nodeType": "function",
      "props": Object {
        "firstName": "FirtName",
        "lastName": "lastName",
      },
      "ref": null,
      "rendered": Object {
        "instance": <div
          class="profile-header-section d-none d-lg-block"
        >
          <div
            class="container profile-header"
          >
            <h1
              class="profile-header-title"
            >
              FirtName
               
              lastName
            </h1>
          </div>
        </div>,
        "key": undefined,
        "nodeType": "host",
        "props": Object {
          "children": <ProfileHeaderTitle
            firstName="FirtName"
            lastName="lastName"
          />,
          "className": "profile-header-section d-none d-lg-block",
        },
        "ref": null,
        "rendered": Array [
          Object {
            "instance": null,
            "key": undefined,
            "nodeType": "function",
            "props": Object {
              "firstName": "FirtName",
              "lastName": "lastName",
            },
            "ref": null,
            "rendered": Object {
              "instance": null,
              "key": undefined,
              "nodeType": "function",
              "props": Object {
                "children": <h1
                  className="profile-header-title"
                >
                  FirtName
                   
                  lastName
                </h1>,
                "classNames": "profile-header",
              },
              "ref": null,
              "rendered": Object {
                "instance": <div
                  class="container profile-header"
                >
                  <h1
                    class="profile-header-title"
                  >
                    FirtName
                     
                    lastName
                  </h1>
                </div>,
                "key": undefined,
                "nodeType": "host",
                "props": Object {
                  "children": <h1
                    className="profile-header-title"
                  >
                    FirtName
                     
                    lastName
                  </h1>,
                  "className": "container profile-header",
                },
                "ref": null,
                "rendered": Array [
                  Object {
                    "instance": <h1
                      class="profile-header-title"
                    >
                      FirtName
                       
                      lastName
                    </h1>,
                    "key": undefined,
                    "nodeType": "host",
                    "props": Object {
                      "children": Array [
                        "FirtName",
                        " ",
                        "lastName",
                      ],
                      "className": "profile-header-title",
                    },
                    "ref": null,
                    "rendered": Array [
                      "FirtName",
                      " ",
                      "lastName",
                    ],
                    "type": "h1",
                  },
                ],
                "type": "div",
              },
              "type": [Function],
            },
            "type": [Function],
          },
        ],
        "type": "div",
      },
      "type": [Function],
    },
  ],
  Symbol(enzyme.__options__): Object {
    "adapter": ReactSixteenAdapter {
      "options": Object {
        "enableComponentDidUpdateOnSetState": true,
        "legacyContextMode": "parent",
        "lifecycles": Object {
          "componentDidUpdate": Object {
            "onSetState": true,
          },
          "getChildContext": Object {
            "calledByRenderer": false,
          },
          "getDerivedStateFromProps": true,
          "getSnapshotBeforeUpdate": true,
          "setState": Object {
            "skipsComponentDidUpdateOnNullish": true,
          },
        },
      },
    },
  },
}
`;
