// Jest Snapshot v1, https://goo.gl/fbAQLP

exports[`ProfileImageSection component renders properly 1`] = `ReactWrapper {}`;
