// Jest Snapshot v1, https://goo.gl/fbAQLP

exports[`BukkaCard component renders properly 1`] = `
ShallowWrapper {
  Symbol(enzyme.__root__): [Circular],
  Symbol(enzyme.__unrendered__): <GetBukka
    classNames="col-lg-3"
    deliveryCost={1000}
    deliveryTime="20-20 hours"
    imageHeight="img-height"
    imageUrl="http://some-image"
    rating=""
    textOverlay={true}
  />,
  Symbol(enzyme.__renderer__): Object {
    "batchedUpdates": [Function],
    "checkPropTypes": [Function],
    "getNode": [Function],
    "render": [Function],
    "simulateError": [Function],
    "simulateEvent": [Function],
    "unmount": [Function],
  },
  Symbol(enzyme.__node__): Object {
    "instance": null,
    "key": undefined,
    "nodeType": "host",
    "props": Object {
      "children": <div
        className="card-wrap"
      >
        <Navlink
          classNames="link"
          href="/"
          text=""
        >
          <BukkaCard
            deliveryCost={1000}
            deliveryTime="20-20 hours"
            imageHeight="img-height"
            imageUrl="http://some-image"
            rating=""
            textOverlay={true}
          />
        </Navlink>
      </div>,
      "className": "card-container col-lg-3",
    },
    "ref": null,
    "rendered": Object {
      "instance": null,
      "key": undefined,
      "nodeType": "host",
      "props": Object {
        "children": <Navlink
          classNames="link"
          href="/"
          text=""
        >
          <BukkaCard
            deliveryCost={1000}
            deliveryTime="20-20 hours"
            imageHeight="img-height"
            imageUrl="http://some-image"
            rating=""
            textOverlay={true}
          />
        </Navlink>,
        "className": "card-wrap",
      },
      "ref": null,
      "rendered": Object {
        "instance": null,
        "key": undefined,
        "nodeType": "function",
        "props": Object {
          "children": <BukkaCard
            deliveryCost={1000}
            deliveryTime="20-20 hours"
            imageHeight="img-height"
            imageUrl="http://some-image"
            rating=""
            textOverlay={true}
          />,
          "classNames": "link",
          "href": "/",
          "text": "",
        },
        "ref": null,
        "rendered": Object {
          "instance": null,
          "key": undefined,
          "nodeType": "function",
          "props": Object {
            "deliveryCost": 1000,
            "deliveryTime": "20-20 hours",
            "imageHeight": "img-height",
            "imageUrl": "http://some-image",
            "rating": "",
            "textOverlay": true,
          },
          "ref": null,
          "rendered": null,
          "type": [Function],
        },
        "type": [Function],
      },
      "type": "div",
    },
    "type": "div",
  },
  Symbol(enzyme.__nodes__): Array [
    Object {
      "instance": null,
      "key": undefined,
      "nodeType": "host",
      "props": Object {
        "children": <div
          className="card-wrap"
        >
          <Navlink
            classNames="link"
            href="/"
            text=""
          >
            <BukkaCard
              deliveryCost={1000}
              deliveryTime="20-20 hours"
              imageHeight="img-height"
              imageUrl="http://some-image"
              rating=""
              textOverlay={true}
            />
          </Navlink>
        </div>,
        "className": "card-container col-lg-3",
      },
      "ref": null,
      "rendered": Object {
        "instance": null,
        "key": undefined,
        "nodeType": "host",
        "props": Object {
          "children": <Navlink
            classNames="link"
            href="/"
            text=""
          >
            <BukkaCard
              deliveryCost={1000}
              deliveryTime="20-20 hours"
              imageHeight="img-height"
              imageUrl="http://some-image"
              rating=""
              textOverlay={true}
            />
          </Navlink>,
          "className": "card-wrap",
        },
        "ref": null,
        "rendered": Object {
          "instance": null,
          "key": undefined,
          "nodeType": "function",
          "props": Object {
            "children": <BukkaCard
              deliveryCost={1000}
              deliveryTime="20-20 hours"
              imageHeight="img-height"
              imageUrl="http://some-image"
              rating=""
              textOverlay={true}
            />,
            "classNames": "link",
            "href": "/",
            "text": "",
          },
          "ref": null,
          "rendered": Object {
            "instance": null,
            "key": undefined,
            "nodeType": "function",
            "props": Object {
              "deliveryCost": 1000,
              "deliveryTime": "20-20 hours",
              "imageHeight": "img-height",
              "imageUrl": "http://some-image",
              "rating": "",
              "textOverlay": true,
            },
            "ref": null,
            "rendered": null,
            "type": [Function],
          },
          "type": [Function],
        },
        "type": "div",
      },
      "type": "div",
    },
  ],
  Symbol(enzyme.__options__): Object {
    "adapter": ReactSixteenAdapter {
      "options": Object {
        "enableComponentDidUpdateOnSetState": true,
        "legacyContextMode": "parent",
        "lifecycles": Object {
          "componentDidUpdate": Object {
            "onSetState": true,
          },
          "getChildContext": Object {
            "calledByRenderer": false,
          },
          "getDerivedStateFromProps": true,
          "getSnapshotBeforeUpdate": true,
          "setState": Object {
            "skipsComponentDidUpdateOnNullish": true,
          },
        },
      },
    },
  },
}
`;
