// Jest Snapshot v1, https://goo.gl/fbAQLP

exports[`Carousel component renders properly 1`] = `
Object {
  "asFragment": [Function],
  "baseElement": <body>
    <div>
      <div
        class="container "
      >
        <div
          class="headline"
        >
          <div
            class="runner"
            style="transform: translateX(0% - 32px);"
          />
          <h2
            class="headline-h2"
          >
            A carousel
          </h2>
        </div>
      </div>
      <div
        class="container "
      >
        <div
          class="carousel"
        >
          <div
            class="carousel-container"
          >
            <div
              class="overflow-hidden"
            >
              <div
                class="row custom-flex-nowrap"
                style="transform: translateX(0%);"
              >
                <div
                  class="card-container some-classnames"
                >
                  <div
                    class="card-wrap"
                  >
                    
                    <div
                      class="mt-4 bukka-card"
                      data-target=""
                      data-toggle=""
                    >
                      <img
                        alt="alt_image"
                        class="img-small-screen bukka-img img-height"
                        src="https://res.cloudinary.com/deqt3envc/image/upload/c_scale,w_320,h_320/v1549300439/banner-img-3.jpg"
                      />
                      <img
                        alt="alt_image"
                        class="img-large-screen bukka-img img-height"
                        src="https://res.cloudinary.com/deqt3envc/image/upload/c_scale,w_640,h_640/v1549300439/banner-img-3.jpg"
                      />
                      <div
                        class="details"
                      >
                        <h3>
                          <span
                            class="details-location"
                          >
                            
                          </span>
                        </h3>
                        <div
                          class="delivery"
                        >
                          0
                        </div>
                      </div>
                    </div>
                  </div>
                </div>
                <div
                  class="card-container some-classnames"
                >
                  <div
                    class="card-wrap"
                  >
                    
                    <div
                      class="mt-4 bukka-card"
                      data-target=""
                      data-toggle=""
                    >
                      <img
                        alt="alt_image"
                        class="img-small-screen bukka-img img-height"
                        src="https://res.cloudinary.com/deqt3envc/image/upload/c_scale,w_320,h_320/v1549300440/banner-img-2.jpg"
                      />
                      <img
                        alt="alt_image"
                        class="img-large-screen bukka-img img-height"
                        src="https://res.cloudinary.com/deqt3envc/image/upload/c_scale,w_640,h_640/v1549300440/banner-img-2.jpg"
                      />
                      <div
                        class="details"
                      >
                        <h3>
                          <span
                            class="details-location"
                          >
                            
                          </span>
                        </h3>
                        <div
                          class="delivery"
                        >
                          0
                        </div>
                      </div>
                    </div>
                  </div>
                </div>
              </div>
            </div>
          </div>
        </div>
      </div>
    </div>
  </body>,
  "container": <div>
    <div
      class="container "
    >
      <div
        class="headline"
      >
        <div
          class="runner"
          style="transform: translateX(0% - 32px);"
        />
        <h2
          class="headline-h2"
        >
          A carousel
        </h2>
      </div>
    </div>
    <div
      class="container "
    >
      <div
        class="carousel"
      >
        <div
          class="carousel-container"
        >
          <div
            class="overflow-hidden"
          >
            <div
              class="row custom-flex-nowrap"
              style="transform: translateX(0%);"
            >
              <div
                class="card-container some-classnames"
              >
                <div
                  class="card-wrap"
                >
                  
                  <div
                    class="mt-4 bukka-card"
                    data-target=""
                    data-toggle=""
                  >
                    <img
                      alt="alt_image"
                      class="img-small-screen bukka-img img-height"
                      src="https://res.cloudinary.com/deqt3envc/image/upload/c_scale,w_320,h_320/v1549300439/banner-img-3.jpg"
                    />
                    <img
                      alt="alt_image"
                      class="img-large-screen bukka-img img-height"
                      src="https://res.cloudinary.com/deqt3envc/image/upload/c_scale,w_640,h_640/v1549300439/banner-img-3.jpg"
                    />
                    <div
                      class="details"
                    >
                      <h3>
                        <span
                          class="details-location"
                        >
                          
                        </span>
                      </h3>
                      <div
                        class="delivery"
                      >
                        0
                      </div>
                    </div>
                  </div>
                </div>
              </div>
              <div
                class="card-container some-classnames"
              >
                <div
                  class="card-wrap"
                >
                  
                  <div
                    class="mt-4 bukka-card"
                    data-target=""
                    data-toggle=""
                  >
                    <img
                      alt="alt_image"
                      class="img-small-screen bukka-img img-height"
                      src="https://res.cloudinary.com/deqt3envc/image/upload/c_scale,w_320,h_320/v1549300440/banner-img-2.jpg"
                    />
                    <img
                      alt="alt_image"
                      class="img-large-screen bukka-img img-height"
                      src="https://res.cloudinary.com/deqt3envc/image/upload/c_scale,w_640,h_640/v1549300440/banner-img-2.jpg"
                    />
                    <div
                      class="details"
                    >
                      <h3>
                        <span
                          class="details-location"
                        >
                          
                        </span>
                      </h3>
                      <div
                        class="delivery"
                      >
                        0
                      </div>
                    </div>
                  </div>
                </div>
              </div>
            </div>
          </div>
        </div>
      </div>
    </div>
  </div>,
  "debug": [Function],
  "findAllByAltText": [Function],
  "findAllByDisplayValue": [Function],
  "findAllByLabelText": [Function],
  "findAllByPlaceholderText": [Function],
  "findAllByRole": [Function],
  "findAllByTestId": [Function],
  "findAllByText": [Function],
  "findAllByTitle": [Function],
  "findByAltText": [Function],
  "findByDisplayValue": [Function],
  "findByLabelText": [Function],
  "findByPlaceholderText": [Function],
  "findByRole": [Function],
  "findByTestId": [Function],
  "findByText": [Function],
  "findByTitle": [Function],
  "getAllByAltText": [Function],
  "getAllByDisplayValue": [Function],
  "getAllByLabelText": [Function],
  "getAllByPlaceholderText": [Function],
  "getAllByRole": [Function],
  "getAllBySelectText": [Function],
  "getAllByTestId": [Function],
  "getAllByText": [Function],
  "getAllByTitle": [Function],
  "getAllByValue": [Function],
  "getByAltText": [Function],
  "getByDisplayValue": [Function],
  "getByLabelText": [Function],
  "getByPlaceholderText": [Function],
  "getByRole": [Function],
  "getBySelectText": [Function],
  "getByTestId": [Function],
  "getByText": [Function],
  "getByTitle": [Function],
  "getByValue": [Function],
  "queryAllByAltText": [Function],
  "queryAllByDisplayValue": [Function],
  "queryAllByLabelText": [Function],
  "queryAllByPlaceholderText": [Function],
  "queryAllByRole": [Function],
  "queryAllBySelectText": [Function],
  "queryAllByTestId": [Function],
  "queryAllByText": [Function],
  "queryAllByTitle": [Function],
  "queryAllByValue": [Function],
  "queryByAltText": [Function],
  "queryByDisplayValue": [Function],
  "queryByLabelText": [Function],
  "queryByPlaceholderText": [Function],
  "queryByRole": [Function],
  "queryBySelectText": [Function],
  "queryByTestId": [Function],
  "queryByText": [Function],
  "queryByTitle": [Function],
  "queryByValue": [Function],
  "rerender": [Function],
  "unmount": [Function],
}
`;
