// Jest Snapshot v1, https://goo.gl/fbAQLP

exports[`DeliveryOrPickupNav component renders properly 1`] = `ShallowWrapper {}`;
