// Jest Snapshot v1, https://goo.gl/fbAQLP

exports[`Geo Suggestions component renders properly 1`] = `
ShallowWrapper {
  Symbol(enzyme.__root__): [Circular],
  Symbol(enzyme.__unrendered__): <GeoSuggestions
    handleClick={[MockFunction]}
    suggestions={
      Array [
        Object {
          "key": "1",
          "location": "Mende",
        },
      ]
    }
  />,
  Symbol(enzyme.__renderer__): Object {
    "batchedUpdates": [Function],
    "checkPropTypes": [Function],
    "getNode": [Function],
    "render": [Function],
    "simulateError": [Function],
    "simulateEvent": [Function],
    "unmount": [Function],
  },
  Symbol(enzyme.__node__): Object {
    "instance": null,
    "key": undefined,
    "nodeType": "function",
    "props": Object {
      "children": Array [
        <div
          className="suggestion-geo-group input-group"
          onClick={[MockFunction]}
          role="link"
          tabIndex={0}
        >
          <div
            className="input-group-prepend"
          >
            <span
              className="input-group-text location-arrow"
            >
              <MapMarker />
            </span>
          </div>
          <h4
            className="suggestion suggestion-geo text-center d-block"
          >
            Mende
          </h4>
        </div>,
      ],
    },
    "ref": null,
    "rendered": Array [
      Object {
        "instance": null,
        "key": "1",
        "nodeType": "host",
        "props": Object {
          "children": Array [
            <div
              className="input-group-prepend"
            >
              <span
                className="input-group-text location-arrow"
              >
                <MapMarker />
              </span>
            </div>,
            <h4
              className="suggestion suggestion-geo text-center d-block"
            >
              Mende
            </h4>,
          ],
          "className": "suggestion-geo-group input-group",
          "onClick": [MockFunction],
          "role": "link",
          "tabIndex": 0,
        },
        "ref": null,
        "rendered": Array [
          Object {
            "instance": null,
            "key": undefined,
            "nodeType": "host",
            "props": Object {
              "children": <span
                className="input-group-text location-arrow"
              >
                <MapMarker />
              </span>,
              "className": "input-group-prepend",
            },
            "ref": null,
            "rendered": Object {
              "instance": null,
              "key": undefined,
              "nodeType": "host",
              "props": Object {
                "children": <MapMarker />,
                "className": "input-group-text location-arrow",
              },
              "ref": null,
              "rendered": Object {
                "instance": null,
                "key": undefined,
                "nodeType": "function",
                "props": Object {},
                "ref": null,
                "rendered": null,
                "type": [Function],
              },
              "type": "span",
            },
            "type": "div",
          },
          Object {
            "instance": null,
            "key": undefined,
            "nodeType": "host",
            "props": Object {
              "children": "Mende",
              "className": "suggestion suggestion-geo text-center d-block",
            },
            "ref": null,
            "rendered": "Mende",
            "type": "h4",
          },
        ],
        "type": "div",
      },
    ],
    "type": Symbol(react.fragment),
  },
  Symbol(enzyme.__nodes__): Array [
    Object {
      "instance": null,
      "key": undefined,
      "nodeType": "function",
      "props": Object {
        "children": Array [
          <div
            className="suggestion-geo-group input-group"
            onClick={[MockFunction]}
            role="link"
            tabIndex={0}
          >
            <div
              className="input-group-prepend"
            >
              <span
                className="input-group-text location-arrow"
              >
                <MapMarker />
              </span>
            </div>
            <h4
              className="suggestion suggestion-geo text-center d-block"
            >
              Mende
            </h4>
          </div>,
        ],
      },
      "ref": null,
      "rendered": Array [
        Object {
          "instance": null,
          "key": "1",
          "nodeType": "host",
          "props": Object {
            "children": Array [
              <div
                className="input-group-prepend"
              >
                <span
                  className="input-group-text location-arrow"
                >
                  <MapMarker />
                </span>
              </div>,
              <h4
                className="suggestion suggestion-geo text-center d-block"
              >
                Mende
              </h4>,
            ],
            "className": "suggestion-geo-group input-group",
            "onClick": [MockFunction],
            "role": "link",
            "tabIndex": 0,
          },
          "ref": null,
          "rendered": Array [
            Object {
              "instance": null,
              "key": undefined,
              "nodeType": "host",
              "props": Object {
                "children": <span
                  className="input-group-text location-arrow"
                >
                  <MapMarker />
                </span>,
                "className": "input-group-prepend",
              },
              "ref": null,
              "rendered": Object {
                "instance": null,
                "key": undefined,
                "nodeType": "host",
                "props": Object {
                  "children": <MapMarker />,
                  "className": "input-group-text location-arrow",
                },
                "ref": null,
                "rendered": Object {
                  "instance": null,
                  "key": undefined,
                  "nodeType": "function",
                  "props": Object {},
                  "ref": null,
                  "rendered": null,
                  "type": [Function],
                },
                "type": "span",
              },
              "type": "div",
            },
            Object {
              "instance": null,
              "key": undefined,
              "nodeType": "host",
              "props": Object {
                "children": "Mende",
                "className": "suggestion suggestion-geo text-center d-block",
              },
              "ref": null,
              "rendered": "Mende",
              "type": "h4",
            },
          ],
          "type": "div",
        },
      ],
      "type": Symbol(react.fragment),
    },
  ],
  Symbol(enzyme.__options__): Object {
    "adapter": ReactSixteenAdapter {
      "options": Object {
        "enableComponentDidUpdateOnSetState": true,
        "legacyContextMode": "parent",
        "lifecycles": Object {
          "componentDidUpdate": Object {
            "onSetState": true,
          },
          "getChildContext": Object {
            "calledByRenderer": false,
          },
          "getDerivedStateFromProps": true,
          "getSnapshotBeforeUpdate": true,
          "setState": Object {
            "skipsComponentDidUpdateOnNullish": true,
          },
        },
      },
    },
  },
}
`;
