// Jest Snapshot v1, https://goo.gl/fbAQLP

exports[`IntroSection FeedPage component renders properly 1`] = `
ShallowWrapper {
  Symbol(enzyme.__root__): [Circular],
  Symbol(enzyme.__unrendered__): <IntroSection
    push={[MockFunction]}
  />,
  Symbol(enzyme.__renderer__): Object {
    "batchedUpdates": [Function],
    "checkPropTypes": [Function],
    "getNode": [Function],
    "render": [Function],
    "simulateError": [Function],
    "simulateEvent": [Function],
    "unmount": [Function],
  },
  Symbol(enzyme.__node__): Object {
    "instance": null,
    "key": undefined,
    "nodeType": "host",
    "props": Object {
      "children": Array [
        <PrimaryNavbar
          push={[MockFunction]}
        />,
        <div
          className="fixed-top text-left"
          style={
            Object {
              "zIndex": "100",
            }
          }
        >
          <LargeTextSection />
        </div>,
      ],
      "className": "feed-intro-section img-fluid intro-section-fixed-height",
      "style": Object {
        "backgroundImage": "url(https://res.cloudinary.com/dn93xk5ni/image/upload/v1550614423/basil-cheese-close-up-1438672_qk0t5t.jpg)",
      },
    },
    "ref": null,
    "rendered": Array [
      Object {
        "instance": null,
        "key": undefined,
        "nodeType": "function",
        "props": Object {
          "push": [MockFunction],
        },
        "ref": null,
        "rendered": null,
        "type": [Function],
      },
      Object {
        "instance": null,
        "key": undefined,
        "nodeType": "host",
        "props": Object {
          "children": <LargeTextSection />,
          "className": "fixed-top text-left",
          "style": Object {
            "zIndex": "100",
          },
        },
        "ref": null,
        "rendered": Object {
          "instance": null,
          "key": undefined,
          "nodeType": "function",
          "props": Object {},
          "ref": null,
          "rendered": null,
          "type": [Function],
        },
        "type": "div",
      },
    ],
    "type": "div",
  },
  Symbol(enzyme.__nodes__): Array [
    Object {
      "instance": null,
      "key": undefined,
      "nodeType": "host",
      "props": Object {
        "children": Array [
          <PrimaryNavbar
            push={[MockFunction]}
          />,
          <div
            className="fixed-top text-left"
            style={
              Object {
                "zIndex": "100",
              }
            }
          >
            <LargeTextSection />
          </div>,
        ],
        "className": "feed-intro-section img-fluid intro-section-fixed-height",
        "style": Object {
          "backgroundImage": "url(https://res.cloudinary.com/dn93xk5ni/image/upload/v1550614423/basil-cheese-close-up-1438672_qk0t5t.jpg)",
        },
      },
      "ref": null,
      "rendered": Array [
        Object {
          "instance": null,
          "key": undefined,
          "nodeType": "function",
          "props": Object {
            "push": [MockFunction],
          },
          "ref": null,
          "rendered": null,
          "type": [Function],
        },
        Object {
          "instance": null,
          "key": undefined,
          "nodeType": "host",
          "props": Object {
            "children": <LargeTextSection />,
            "className": "fixed-top text-left",
            "style": Object {
              "zIndex": "100",
            },
          },
          "ref": null,
          "rendered": Object {
            "instance": null,
            "key": undefined,
            "nodeType": "function",
            "props": Object {},
            "ref": null,
            "rendered": null,
            "type": [Function],
          },
          "type": "div",
        },
      ],
      "type": "div",
    },
  ],
  Symbol(enzyme.__options__): Object {
    "adapter": ReactSixteenAdapter {
      "options": Object {
        "enableComponentDidUpdateOnSetState": true,
        "legacyContextMode": "parent",
        "lifecycles": Object {
          "componentDidUpdate": Object {
            "onSetState": true,
          },
          "getChildContext": Object {
            "calledByRenderer": false,
          },
          "getDerivedStateFromProps": true,
          "getSnapshotBeforeUpdate": true,
          "setState": Object {
            "skipsComponentDidUpdateOnNullish": true,
          },
        },
      },
    },
  },
}
`;
