// Jest Snapshot v1, https://goo.gl/fbAQLP

exports[`Area to explore component renders properly 1`] = `
Object {
  "asFragment": [Function],
  "baseElement": <body>
    <div>
      <div
        class="cart-menu"
      >
        <div
          class="cart-bukka-details"
        >
          <h5
            class="cart-bukka-name"
          />
          <h5
            class="cart-bukka-view-menu"
          >
            <a
              class="text-success view-menu-text"
              href="/bukka/undefined"
            >
              VIEW MENU
            </a>
          </h5>
        </div>
        <div
          class="d-flex order-tray"
        >
          <div
            class="col p-0"
          >
            <h5
              class="item-name"
            >
              1 × 
              name
            </h5>
            <div
              class="action-item-section"
            >
              <button
                class="cart-action-button-primary"
                data-dismiss=""
                data-target=""
                data-testid="button"
                data-toggle=""
                id="u8PdR4bbp"
                type="button"
              >
                EDIT
              </button>
              <button
                class="cart-action-button-default"
                data-dismiss=""
                data-target=""
                data-testid="button"
                data-toggle=""
                id="u8PdR4bbp"
                type="button"
              >
                REMOVE
              </button>
            </div>
          </div>
          <div
            class="p-0"
          >
            <h4
              class="price-badge-black"
            >
              ₦
              90
              .00
            </h4>
          </div>
        </div>
      </div>
    </div>
  </body>,
  "container": <div>
    <div
      class="cart-menu"
    >
      <div
        class="cart-bukka-details"
      >
        <h5
          class="cart-bukka-name"
        />
        <h5
          class="cart-bukka-view-menu"
        >
          <a
            class="text-success view-menu-text"
            href="/bukka/undefined"
          >
            VIEW MENU
          </a>
        </h5>
      </div>
      <div
        class="d-flex order-tray"
      >
        <div
          class="col p-0"
        >
          <h5
            class="item-name"
          >
            1 × 
            name
          </h5>
          <div
            class="action-item-section"
          >
            <button
              class="cart-action-button-primary"
              data-dismiss=""
              data-target=""
              data-testid="button"
              data-toggle=""
              id="u8PdR4bbp"
              type="button"
            >
              EDIT
            </button>
            <button
              class="cart-action-button-default"
              data-dismiss=""
              data-target=""
              data-testid="button"
              data-toggle=""
              id="u8PdR4bbp"
              type="button"
            >
              REMOVE
            </button>
          </div>
        </div>
        <div
          class="p-0"
        >
          <h4
            class="price-badge-black"
          >
            ₦
            90
            .00
          </h4>
        </div>
      </div>
    </div>
  </div>,
  "debug": [Function],
  "findAllByAltText": [Function],
  "findAllByDisplayValue": [Function],
  "findAllByLabelText": [Function],
  "findAllByPlaceholderText": [Function],
  "findAllByRole": [Function],
  "findAllByTestId": [Function],
  "findAllByText": [Function],
  "findAllByTitle": [Function],
  "findByAltText": [Function],
  "findByDisplayValue": [Function],
  "findByLabelText": [Function],
  "findByPlaceholderText": [Function],
  "findByRole": [Function],
  "findByTestId": [Function],
  "findByText": [Function],
  "findByTitle": [Function],
  "getAllByAltText": [Function],
  "getAllByDisplayValue": [Function],
  "getAllByLabelText": [Function],
  "getAllByPlaceholderText": [Function],
  "getAllByRole": [Function],
  "getAllBySelectText": [Function],
  "getAllByTestId": [Function],
  "getAllByText": [Function],
  "getAllByTitle": [Function],
  "getAllByValue": [Function],
  "getByAltText": [Function],
  "getByDisplayValue": [Function],
  "getByLabelText": [Function],
  "getByPlaceholderText": [Function],
  "getByRole": [Function],
  "getBySelectText": [Function],
  "getByTestId": [Function],
  "getByText": [Function],
  "getByTitle": [Function],
  "getByValue": [Function],
  "queryAllByAltText": [Function],
  "queryAllByDisplayValue": [Function],
  "queryAllByLabelText": [Function],
  "queryAllByPlaceholderText": [Function],
  "queryAllByRole": [Function],
  "queryAllBySelectText": [Function],
  "queryAllByTestId": [Function],
  "queryAllByText": [Function],
  "queryAllByTitle": [Function],
  "queryAllByValue": [Function],
  "queryByAltText": [Function],
  "queryByDisplayValue": [Function],
  "queryByLabelText": [Function],
  "queryByPlaceholderText": [Function],
  "queryByRole": [Function],
  "queryBySelectText": [Function],
  "queryByTestId": [Function],
  "queryByText": [Function],
  "queryByTitle": [Function],
  "queryByValue": [Function],
  "rerender": [Function],
  "unmount": [Function],
}
`;
