// Jest Snapshot v1, https://goo.gl/fbAQLP

exports[`Area to explore component renders properly 1`] = `
Object {
  "asFragment": [Function],
  "baseElement": <body>
    <div>
      <div
        class="mb-2 mt-4"
      >
        <h1
          class="font-size-36 px-3 px-md-3 px-lg-0"
        >
          Checkout
        </h1>
        <div
          class="col-md-12 col-lg-6 p-0 mb-4 mt-4 height-50"
        >
          <div
            class="btn-group"
            role="group"
          >
            <button
              class="btn-delivery "
              type="button"
            >
              delivery
            </button>
            <button
              class="btn-pickup delivery-mode-active"
              type="button"
            >
              pickup
            </button>
          </div>
        </div>
        <div
          class="demarcation"
        />
        <h2
          class="font-size-16 px-3 px-md-3 px-lg-0"
        >
          Delivery Address
        </h2>
        <form
          class="border padding-20 mt-4"
        >
          <div
            class="form-group font-size-14 mb-4"
          >
            <label
              class="no-label"
              for="address"
            >
              Address
            </label>
            <input
              class="form-control border-input-style p-0"
              name="streetAddress1"
              placeholder="Address"
              type="text"
              value=""
            />
            <span
              class="text-danger font-size-11"
            />
          </div>
          <div
            class="form-group font-size-14 mb-4"
          >
            <label
              class="no-label"
              for="streetAddress2"
            >
              Apt no or company name
            </label>
            <input
              class="form-control border-input-style p-0"
              name="streetAddress2"
              placeholder="Apt no or company name"
              type="text"
              value=""
            />
            <span
              class="text-danger font-size-11"
            />
          </div>
          <div
            class="d-inline-flex pl-0 flex-column col-6 col-md-6 mb-4"
          >
            <label
              class="no-label"
              for="contactName"
            >
              Contact name
            </label>
            <input
              class="form-control border-input-style p-0"
              name="contactName"
              placeholder="Contact name"
              type="text"
              value=""
            />
            <span
              class="text-danger font-size-11"
            />
          </div>
          <div
            class="d-inline-flex pr-0 flex-column col-6 col-md-6 mb-4"
          >
            <label
              class="no-label"
              for="phoneNumber"
            >
              Phone number
            </label>
            <input
              class="form-control border-input-style p-0"
              name="phoneNumber"
              placeholder="Phone number"
              type="text"
              value=""
            />
            <span
              class="text-danger font-size-11"
            />
          </div>
          <div
            class="form-group mb-4"
          >
            <textarea
              class="text-area instruction"
              maxlength="200"
              name="deliveryInstruction"
              placeholder="Add delivery instructuctions..."
            />
          </div>
          <div>
            <button
              class="small-button-save"
              data-target=""
              data-testid="button"
              data-toggle=""
              id="n8J8mD2FM"
              type="button"
            >
              Save
            </button>
          </div>
        </form>
      </div>
    </div>
  </body>,
  "container": <div>
    <div
      class="mb-2 mt-4"
    >
      <h1
        class="font-size-36 px-3 px-md-3 px-lg-0"
      >
        Checkout
      </h1>
      <div
        class="col-md-12 col-lg-6 p-0 mb-4 mt-4 height-50"
      >
        <div
          class="btn-group"
          role="group"
        >
          <button
            class="btn-delivery "
            type="button"
          >
            delivery
          </button>
          <button
            class="btn-pickup delivery-mode-active"
            type="button"
          >
            pickup
          </button>
        </div>
      </div>
      <div
        class="demarcation"
      />
      <h2
        class="font-size-16 px-3 px-md-3 px-lg-0"
      >
        Delivery Address
      </h2>
      <form
        class="border padding-20 mt-4"
      >
        <div
          class="form-group font-size-14 mb-4"
        >
          <label
            class="no-label"
            for="address"
          >
            Address
          </label>
          <input
            class="form-control border-input-style p-0"
            name="streetAddress1"
            placeholder="Address"
            type="text"
            value=""
          />
          <span
            class="text-danger font-size-11"
          />
        </div>
        <div
          class="form-group font-size-14 mb-4"
        >
          <label
            class="no-label"
            for="streetAddress2"
          >
            Apt no or company name
          </label>
          <input
            class="form-control border-input-style p-0"
            name="streetAddress2"
            placeholder="Apt no or company name"
            type="text"
            value=""
          />
          <span
            class="text-danger font-size-11"
          />
        </div>
        <div
          class="d-inline-flex pl-0 flex-column col-6 col-md-6 mb-4"
        >
          <label
            class="no-label"
            for="contactName"
          >
            Contact name
          </label>
          <input
            class="form-control border-input-style p-0"
            name="contactName"
            placeholder="Contact name"
            type="text"
            value=""
          />
          <span
            class="text-danger font-size-11"
          />
        </div>
        <div
          class="d-inline-flex pr-0 flex-column col-6 col-md-6 mb-4"
        >
          <label
            class="no-label"
            for="phoneNumber"
          >
            Phone number
          </label>
          <input
            class="form-control border-input-style p-0"
            name="phoneNumber"
            placeholder="Phone number"
            type="text"
            value=""
          />
          <span
            class="text-danger font-size-11"
          />
        </div>
        <div
          class="form-group mb-4"
        >
          <textarea
            class="text-area instruction"
            maxlength="200"
            name="deliveryInstruction"
            placeholder="Add delivery instructuctions..."
          />
        </div>
        <div>
          <button
            class="small-button-save"
            data-target=""
            data-testid="button"
            data-toggle=""
            id="n8J8mD2FM"
            type="button"
          >
            Save
          </button>
        </div>
      </form>
    </div>
  </div>,
  "debug": [Function],
  "getAllByAltText": [Function],
  "getAllByDisplayValue": [Function],
  "getAllByLabelText": [Function],
  "getAllByPlaceholderText": [Function],
  "getAllByRole": [Function],
  "getAllBySelectText": [Function],
  "getAllByTestId": [Function],
  "getAllByText": [Function],
  "getAllByTitle": [Function],
  "getAllByValue": [Function],
  "getByAltText": [Function],
  "getByDisplayValue": [Function],
  "getByLabelText": [Function],
  "getByPlaceholderText": [Function],
  "getByRole": [Function],
  "getBySelectText": [Function],
  "getByTestId": [Function],
  "getByText": [Function],
  "getByTitle": [Function],
  "getByValue": [Function],
  "queryAllByAltText": [Function],
  "queryAllByDisplayValue": [Function],
  "queryAllByLabelText": [Function],
  "queryAllByPlaceholderText": [Function],
  "queryAllByRole": [Function],
  "queryAllBySelectText": [Function],
  "queryAllByTestId": [Function],
  "queryAllByText": [Function],
  "queryAllByTitle": [Function],
  "queryAllByValue": [Function],
  "queryByAltText": [Function],
  "queryByDisplayValue": [Function],
  "queryByLabelText": [Function],
  "queryByPlaceholderText": [Function],
  "queryByRole": [Function],
  "queryBySelectText": [Function],
  "queryByTestId": [Function],
  "queryByText": [Function],
  "queryByTitle": [Function],
  "queryByValue": [Function],
  "rerender": [Function],
  "unmount": [Function],
}
`;
